Top 10:
  /page2.html (1 hit)
  /page1.html (1 hit)