Top 10:
  /page2.html (3 hits)
  /page3.html (1 hit)
  /page1.html (1 hit)
  /image.jpg (1 hit)